
   PASS  Tests\Unit\ExampleTest
  Γ£ô that true is true                                                                   0.09s  

   PASS  Tests\Feature\Actions\User\CheckEmailUniquenessActionTest
  Γ£ô email is unique when no user exists                                                 1.84s  
  Γ£ô email is not unique when user exists                                                0.18s  
  Γ£ô email is considered unique when ignoring current user                               0.08s  
  Γ£ô empty email returns bad request                                                     0.08s  

   WARN  Tests\Feature\Auth\AuthenticationTest
  - login screen can be rendered ΓåÆ App uses Google OAuth authentication, not standardΓÇª  0.18s  
  - users can authenticate using the login screen ΓåÆ App uses Google OAuth authenticatiΓÇª 0.09s  
  - users can not authenticate with invalid password ΓåÆ App uses Google OAuth authenticΓÇª 0.05s  
  - users can logout ΓåÆ App uses Google OAuth authentication, not standard email/passwoΓÇª 0.02s  
  - users are rate limited ΓåÆ App uses Google OAuth authentication, not standard email/ΓÇª 0.04s  

   WARN  Tests\Feature\Auth\EmailVerificationTest
  - email verification screen can be rendered ΓåÆ App uses Google OAuth authentication wΓÇª 0.03s  
  - email can be verified ΓåÆ App uses Google OAuth authentication with automatic emailΓÇª  0.03s  
  - email is not verified with invalid hash ΓåÆ App uses Google OAuth authentication witΓÇª 0.03s  
  - email is not verified with invalid user id ΓåÆ App uses Google OAuth authenticationΓÇª  0.02s  
  - verified user is redirected to dashboard from verification prompt ΓåÆ App uses GooglΓÇª 0.02s  
  - already verified user visiting verification link is redirected without firing evenΓÇª 0.02s  

   WARN  Tests\Feature\Auth\PasswordConfirmationTest
  - confirm password screen can be rendered ΓåÆ App uses Google OAuth authentication, noΓÇª 0.03s  
  - password can be confirmed ΓåÆ App uses Google OAuth authentication, not standard pasΓÇª 0.03s  
  - password is not confirmed with invalid password ΓåÆ App uses Google OAuth authenticaΓÇª 0.02s  

   WARN  Tests\Feature\Auth\PasswordResetTest
  - reset password link screen can be rendered ΓåÆ App uses Google OAuth authentication,ΓÇª 0.03s  
  - reset password link can be requested ΓåÆ App uses Google OAuth authentication, not pΓÇª 0.03s  
  - reset password screen can be rendered ΓåÆ App uses Google OAuth authentication, notΓÇª  0.06s  
  - password can be reset with valid token ΓåÆ App uses Google OAuth authentication, notΓÇª 0.07s  
  - password cannot be reset with invalid token ΓåÆ App uses Google OAuth authenticationΓÇª 0.07s  

   WARN  Tests\Feature\Auth\RegistrationTest
  - registration screen can be rendered ΓåÆ App uses Google OAuth authentication, not paΓÇª 0.09s  
  - new users can register ΓåÆ App uses Google OAuth authentication, not password-basedΓÇª  0.07s  

   WARN  Tests\Feature\Auth\VerificationNotificationTest
  - sends verification notification ΓåÆ App uses Google OAuth authentication, not emailΓÇª  0.09s  
  - does not send verification notification if email is verified ΓåÆ App uses Google OAuΓÇª 0.07s  

   PASS  Tests\Feature\DashboardTest
  Γ£ô guests are redirected to the login page                                             0.29s  
  Γ£ô authenticated users can visit the dashboard                                         0.23s  

   PASS  Tests\Feature\ExampleTest
  Γ£ô it redirects from welcome to browse                                                 0.10s  

   PASS  Tests\Feature\Repositories\UserRepositoryTest
  Γ£ô findWithFilters filters by role, search, and default sorting                        0.09s  
  Γ£ô findWithFilters can include only soft-deleted users                                 0.06s  
  Γ£ô getAuditLogs returns formatted logs in chronological order                          0.08s  
  Γ£ô getAdministratorCount excludes soft-deleted accounts                                0.09s  

   PASS  Tests\Feature\Services\Statistics\CollegeStatisticsServiceTest
  Γ£ô college statistics aggregates program data and alignment summaries                  0.12s  
  Γ£ô college statistics handles zero programs gracefully                                 0.08s  

   PASS  Tests\Feature\Services\UserStatisticsServiceTest
  Γ£ô role distribution returns zeros when no users exist                                 0.08s  
  Γ£ô role distribution counts users per role and ignores missing roles                   0.10s  
  Γ£ô recent registrations count respects default and custom ranges                       0.08s  
  Γ£ô user counts include total and soft-deleted users                                    0.10s  
  Γ£ô get all statistics aggregates role distribution, recent registrations, and counts   0.10s  

   PASS  Tests\Feature\Settings\ProfileUpdateTest
  Γ£ô profile page is displayed                                                           0.11s  
  Γ£ô profile information can be updated                                                  0.14s  
  Γ£ô email verification status is unchanged when the email address is unchanged          0.10s  
  Γ£ô user can delete their account                                                       0.09s  
  Γ£ô correct password must be provided to delete account                                 0.11s  

  Tests:    23 skipped, 24 passed (77 assertions)
  Duration: 6.76s

