
   PASS  Tests\Unit\ExampleTest
  Γ£ô that trΓÇª 0.06s  

   PASS  Tests\Feature\Actions\User\CheckEmailUniquenessActionTest
  Γ£ô email iΓÇª 1.41s  
  Γ£ô email iΓÇª 0.13s  
  Γ£ô email iΓÇª 0.07s  
  Γ£ô empty eΓÇª 0.06s  

   WARN  Tests\Feature\Auth\AuthenticationTest
  - login sΓÇª 0.11s  
  - users cΓÇª 0.06s  
  - users cΓÇª 0.06s  
  - users cΓÇª 0.06s  
  - users aΓÇª 0.07s  

   WARN  Tests\Feature\Auth\EmailVerificationTest
  - email vΓÇª 0.08s  
  - email cΓÇª 0.07s  
  - email iΓÇª 0.07s  
  - email iΓÇª 0.07s  
  - verifieΓÇª 0.07s  
  - alreadyΓÇª 0.07s  

   WARN  Tests\Feature\Auth\PasswordConfirmationTest
  - confirmΓÇª 0.07s  
  - passworΓÇª 0.06s  
  - passworΓÇª 0.07s  

   WARN  Tests\Feature\Auth\PasswordResetTest
  - reset pΓÇª 0.09s  
  - reset pΓÇª 0.08s  
  - reset pΓÇª 0.09s  
  - passworΓÇª 0.09s  
  - passworΓÇª 0.07s  

   WARN  Tests\Feature\Auth\RegistrationTest
  - registrΓÇª 0.08s  
  - new useΓÇª 0.08s  

   WARN  Tests\Feature\Auth\VerificationNotificationTest
  - sends vΓÇª 0.07s  
  - does noΓÇª 0.06s  

   PASS  Tests\Feature\DashboardTest
  Γ£ô guestsΓÇª  0.11s  
  Γ£ô authentΓÇª 0.10s  

   PASS  Tests\Feature\ExampleTest
  Γ£ô it rediΓÇª 0.04s  

   PASS  Tests\Feature\Repositories\UserRepositoryTest
  Γ£ô findWitΓÇª 0.06s  
  Γ£ô findWitΓÇª 0.07s  
  Γ£ô getAudiΓÇª 0.05s  
  Γ£ô getAdmiΓÇª 0.09s  

   PASS  Tests\Feature\Services\Statistics\CollegeStatisticsServiceTest
  Γ£ô collegeΓÇª 0.09s  
  Γ£ô collegeΓÇª 0.03s  

   PASS  Tests\Feature\Services\UserStatisticsServiceTest
  Γ£ô role diΓÇª 0.03s  
  Γ£ô role diΓÇª 0.03s  
  Γ£ô recentΓÇª  0.04s  
  Γ£ô user coΓÇª 0.07s  
  Γ£ô get allΓÇª 0.04s  

   PASS  Tests\Feature\Settings\ProfileUpdateTest
  Γ£ô profileΓÇª 0.04s  
  Γ£ô profileΓÇª 0.06s  
  Γ£ô email vΓÇª 0.04s  
  Γ£ô user caΓÇª 0.03s  
  Γ£ô correctΓÇª 0.04s  

  Tests:    23 skipped, 24 passed (81 assertions)
  Duration: 5.34s

